V1_string
           task     cv_macroF1  seed_sd  cv_MCC  cv_AUC  chance_uniform                                                                                          LOSO_macroF1
0  A_SCZ_vs_CTL  0.649 ± 0.067      0.0   0.301   0.718           0.494  {'CharingCross': 0.656, 'Pittsburgh': 0.766, 'Pritzker': 0.533, 'Stanley': 0.559, 'Victoria': 0.664}
1   A_BD_vs_CTL  0.543 ± 0.070      0.0   0.095   0.577           0.486                                             {'Pittsburgh': 0.68, 'Pritzker': 0.481, 'Stanley': 0.522}
2  A_MDD_vs_CTL  0.565 ± 0.076      0.0   0.156   0.596           0.490                                            {'Pittsburgh': 0.508, 'Pritzker': 0.411, 'Stanley': 0.417}
3  B_multiclass  0.442 ± 0.068      0.0   0.183   0.638           0.333                                            {'Pittsburgh': 0.552, 'Pritzker': 0.334, 'Stanley': 0.287}
V1_string_RANDOM
           task     cv_macroF1  seed_sd  cv_MCC  cv_AUC  chance_uniform                                                                                       LOSO_macroF1
0  A_SCZ_vs_CTL  0.652 ± 0.066    0.006   0.307   0.719           0.494  {'CharingCross': 0.631, 'Pittsburgh': 0.766, 'Pritzker': 0.55, 'Stanley': 0.58, 'Victoria': 0.68}
1   A_BD_vs_CTL  0.543 ± 0.064    0.018   0.096   0.568           0.486                                         {'Pittsburgh': 0.636, 'Pritzker': 0.496, 'Stanley': 0.512}
2  A_MDD_vs_CTL  0.569 ± 0.069    0.024   0.161   0.600           0.490                                         {'Pittsburgh': 0.542, 'Pritzker': 0.413, 'Stanley': 0.417}
3  B_multiclass  0.446 ± 0.053    0.024   0.190   0.645           0.333                                         {'Pittsburgh': 0.543, 'Pritzker': 0.339, 'Stanley': 0.306}
V3_reactome
           task     cv_macroF1  seed_sd  cv_MCC  cv_AUC  chance_uniform                                                                                          LOSO_macroF1
0  A_SCZ_vs_CTL  0.597 ± 0.061      0.0   0.197   0.639           0.494  {'CharingCross': 0.631, 'Pittsburgh': 0.604, 'Pritzker': 0.537, 'Stanley': 0.606, 'Victoria': 0.593}
1   A_BD_vs_CTL  0.524 ± 0.063      0.0   0.064   0.540           0.486                                            {'Pittsburgh': 0.627, 'Pritzker': 0.437, 'Stanley': 0.584}
2  A_MDD_vs_CTL  0.539 ± 0.085      0.0   0.113   0.579           0.490                                             {'Pittsburgh': 0.47, 'Pritzker': 0.462, 'Stanley': 0.425}
3  B_multiclass  0.377 ± 0.068      0.0   0.086   0.577           0.333                                             {'Pittsburgh': 0.367, 'Pritzker': 0.28, 'Stanley': 0.274}
V3_reactome_RANDOM
           task     cv_macroF1  seed_sd  cv_MCC  cv_AUC  chance_uniform                                                                                          LOSO_macroF1
0  A_SCZ_vs_CTL  0.645 ± 0.058    0.026   0.294   0.707           0.494  {'CharingCross': 0.674, 'Pittsburgh': 0.706, 'Pritzker': 0.564, 'Stanley': 0.554, 'Victoria': 0.607}
1   A_BD_vs_CTL  0.509 ± 0.066    0.050   0.029   0.527           0.486                                             {'Pittsburgh': 0.475, 'Pritzker': 0.49, 'Stanley': 0.537}
2  A_MDD_vs_CTL  0.547 ± 0.065    0.041   0.119   0.576           0.490                                            {'Pittsburgh': 0.526, 'Pritzker': 0.448, 'Stanley': 0.398}
3  B_multiclass  0.408 ± 0.052    0.049   0.138   0.625           0.333                                            {'Pittsburgh': 0.488, 'Pritzker': 0.322, 'Stanley': 0.267}
V2_coexpr
           task     cv_macroF1  seed_sd  cv_MCC  cv_AUC  chance_uniform                                                                                          LOSO_macroF1
0  A_SCZ_vs_CTL  0.645 ± 0.064      0.0   0.293   0.712           0.494  {'CharingCross': 0.658, 'Pittsburgh': 0.732, 'Pritzker': 0.533, 'Stanley': 0.559, 'Victoria': 0.638}
1   A_BD_vs_CTL  0.540 ± 0.067      0.0   0.089   0.576           0.486                                              {'Pittsburgh': 0.637, 'Pritzker': 0.5, 'Stanley': 0.512}
2  A_MDD_vs_CTL  0.551 ± 0.066      0.0   0.135   0.587           0.490                                            {'Pittsburgh': 0.477, 'Pritzker': 0.382, 'Stanley': 0.406}
3  B_multiclass  0.436 ± 0.069      0.0   0.177   0.638           0.333                                              {'Pittsburgh': 0.498, 'Pritzker': 0.325, 'Stanley': 0.3}
V2_coexpr_RANDOM
           task     cv_macroF1  seed_sd  cv_MCC  cv_AUC  chance_uniform                                                                                          LOSO_macroF1
0  A_SCZ_vs_CTL  0.653 ± 0.062    0.009   0.309   0.720           0.494  {'CharingCross': 0.631, 'Pittsburgh': 0.763, 'Pritzker': 0.543, 'Stanley': 0.575, 'Victoria': 0.664}
1   A_BD_vs_CTL  0.541 ± 0.064    0.016   0.090   0.567           0.486                                             {'Pittsburgh': 0.649, 'Pritzker': 0.493, 'Stanley': 0.52}
2  A_MDD_vs_CTL  0.566 ± 0.072    0.029   0.156   0.600           0.490                                             {'Pittsburgh': 0.52, 'Pritzker': 0.405, 'Stanley': 0.429}
3  B_multiclass  0.445 ± 0.054    0.026   0.188   0.646           0.333                                            {'Pittsburgh': 0.532, 'Pritzker': 0.336, 'Stanley': 0.309}
V1_string A_SCZ_vs_CTL: vs no-graph Δ -0.000 p_corr 0.993 (unc 0.982) | vs random Δ -0.003 p_corr 0.660 (unc 0.242)
V1_string A_BD_vs_CTL: vs no-graph Δ -0.004 p_corr 0.869 (unc 0.658) | vs random Δ +0.000 p_corr 0.997 (unc 0.991)
V1_string A_MDD_vs_CTL: vs no-graph Δ -0.009 p_corr 0.521 (unc 0.092) | vs random Δ -0.004 p_corr 0.832 (unc 0.569)
V1_string B_multiclass: vs no-graph Δ -0.003 p_corr 0.855 (unc 0.624) | vs random Δ -0.004 p_corr 0.840 (unc 0.588)
V3_reactome A_SCZ_vs_CTL: vs no-graph Δ -0.052 p_corr 0.160 (unc 0.001) | vs random Δ -0.049 p_corr 0.108 (unc 0.000)
V3_reactome A_BD_vs_CTL: vs no-graph Δ -0.023 p_corr 0.495 (unc 0.074) | vs random Δ +0.015 p_corr 0.650 (unc 0.228)
V3_reactome A_MDD_vs_CTL: vs no-graph Δ -0.035 p_corr 0.318 (unc 0.011) | vs random Δ -0.007 p_corr 0.833 (unc 0.572)
V3_reactome B_multiclass: vs no-graph Δ -0.068 p_corr 0.070 (unc 0.000) | vs random Δ -0.031 p_corr 0.345 (unc 0.016)
V2_coexpr A_SCZ_vs_CTL: vs no-graph Δ -0.004 p_corr 0.635 (unc 0.207) | vs random Δ -0.008 p_corr 0.350 (unc 0.017)
V2_coexpr A_BD_vs_CTL: vs no-graph Δ -0.007 p_corr 0.764 (unc 0.421) | vs random Δ -0.000 p_corr 0.985 (unc 0.960)
V2_coexpr A_MDD_vs_CTL: vs no-graph Δ -0.023 p_corr 0.271 (unc 0.006) | vs random Δ -0.015 p_corr 0.534 (unc 0.103)
V2_coexpr B_multiclass: vs no-graph Δ -0.009 p_corr 0.441 (unc 0.046) | vs random Δ -0.009 p_corr 0.624 (unc 0.194)
