V6a_filter1000_LR
           task     cv_macroF1  seed_sd  cv_MCC  cv_AUC  chance_uniform                                                                                          LOSO_macroF1
0  A_SCZ_vs_CTL  0.668 ± 0.072      0.0   0.340   0.733           0.494  {'CharingCross': 0.631, 'Pittsburgh': 0.741, 'Pritzker': 0.516, 'Stanley': 0.621, 'Victoria': 0.664}
1   A_BD_vs_CTL  0.561 ± 0.050      0.0   0.141   0.585           0.486                                            {'Pittsburgh': 0.622, 'Pritzker': 0.488, 'Stanley': 0.496}
2  A_MDD_vs_CTL  0.592 ± 0.065      0.0   0.192   0.593           0.490                                            {'Pittsburgh': 0.529, 'Pritzker': 0.438, 'Stanley': 0.406}
3  B_multiclass  0.467 ± 0.080      0.0   0.218   0.666           0.333                                            {'Pittsburgh': 0.441, 'Pritzker': 0.406, 'Stanley': 0.311}
V6b_filter1000_STRING
           task     cv_macroF1  seed_sd  cv_MCC  cv_AUC  chance_uniform                                                                                          LOSO_macroF1
0  A_SCZ_vs_CTL  0.669 ± 0.065      0.0   0.342   0.730           0.494  {'CharingCross': 0.656, 'Pittsburgh': 0.684, 'Pritzker': 0.516, 'Stanley': 0.543, 'Victoria': 0.712}
1   A_BD_vs_CTL  0.568 ± 0.067      0.0   0.153   0.599           0.486                                              {'Pittsburgh': 0.664, 'Pritzker': 0.5, 'Stanley': 0.522}
2  A_MDD_vs_CTL  0.576 ± 0.053      0.0   0.164   0.591           0.490                                            {'Pittsburgh': 0.532, 'Pritzker': 0.453, 'Stanley': 0.487}
3  B_multiclass  0.464 ± 0.075      0.0   0.214   0.659           0.333                                            {'Pittsburgh': 0.443, 'Pritzker': 0.386, 'Stanley': 0.286}
V7_RF
           task     cv_macroF1  seed_sd  cv_MCC  cv_AUC  chance_uniform                                                                                         LOSO_macroF1
0  A_SCZ_vs_CTL  0.680 ± 0.056    0.018   0.369   0.748           0.494  {'CharingCross': 0.619, 'Pittsburgh': 0.69, 'Pritzker': 0.541, 'Stanley': 0.581, 'Victoria': 0.558}
1   A_BD_vs_CTL  0.520 ± 0.068    0.050   0.125   0.614           0.486                                            {'Pittsburgh': 0.54, 'Pritzker': 0.498, 'Stanley': 0.366}
2  A_MDD_vs_CTL  0.543 ± 0.067    0.049   0.144   0.604           0.490                                            {'Pittsburgh': 0.389, 'Pritzker': 0.41, 'Stanley': 0.464}
3  B_multiclass  0.480 ± 0.074    0.038   0.253   0.692           0.333                                           {'Pittsburgh': 0.398, 'Pritzker': 0.327, 'Stanley': 0.235}
V8_ensemble_C0_V1
           task     cv_macroF1  seed_sd  cv_MCC  cv_AUC  chance_uniform                                                                                          LOSO_macroF1
0  A_SCZ_vs_CTL  0.650 ± 0.066      0.0   0.303   0.721           0.494  {'CharingCross': 0.631, 'Pittsburgh': 0.791, 'Pritzker': 0.533, 'Stanley': 0.559, 'Victoria': 0.689}
1   A_BD_vs_CTL  0.539 ± 0.065      0.0   0.085   0.579           0.486                                             {'Pittsburgh': 0.702, 'Pritzker': 0.49, 'Stanley': 0.522}
2  A_MDD_vs_CTL  0.569 ± 0.078      0.0   0.161   0.600           0.490                                             {'Pittsburgh': 0.47, 'Pritzker': 0.403, 'Stanley': 0.417}
3  B_multiclass  0.445 ± 0.070      0.0   0.187   0.643           0.333                                            {'Pittsburgh': 0.513, 'Pritzker': 0.302, 'Stanley': 0.301}
A_SCZ_vs_CTL V6a_filter1000_LR vs C0_baseline_LR: Δ +0.019 p_corr 0.367 (unc 0.0208)
A_SCZ_vs_CTL V6b_filter1000_STRING vs V1_string: Δ +0.020 p_corr 0.283 (unc 0.0069)
A_SCZ_vs_CTL V7_RF vs C0_baseline_LR: Δ +0.032 p_corr 0.245 (unc 0.0038)
A_SCZ_vs_CTL V8_ensemble_C0_V1 vs C0_baseline_LR: Δ +0.001 p_corr 0.877 (unc 0.6767)
A_BD_vs_CTL V6a_filter1000_LR vs C0_baseline_LR: Δ +0.014 p_corr 0.602 (unc 0.1679)
A_BD_vs_CTL V6b_filter1000_STRING vs V1_string: Δ +0.025 p_corr 0.298 (unc 0.0086)
A_BD_vs_CTL V7_RF vs C0_baseline_LR: Δ -0.027 p_corr 0.576 (unc 0.1404)
A_BD_vs_CTL V8_ensemble_C0_V1 vs C0_baseline_LR: Δ -0.008 p_corr 0.564 (unc 0.1280)
A_MDD_vs_CTL V6a_filter1000_LR vs C0_baseline_LR: Δ +0.018 p_corr 0.674 (unc 0.2632)
A_MDD_vs_CTL V6b_filter1000_STRING vs V1_string: Δ +0.011 p_corr 0.753 (unc 0.3996)
A_MDD_vs_CTL V7_RF vs C0_baseline_LR: Δ -0.031 p_corr 0.410 (unc 0.0333)
A_MDD_vs_CTL V8_ensemble_C0_V1 vs C0_baseline_LR: Δ -0.006 p_corr 0.495 (unc 0.0745)
B_multiclass V6a_filter1000_LR vs C0_baseline_LR: Δ +0.023 p_corr 0.467 (unc 0.0580)
B_multiclass V6b_filter1000_STRING vs V1_string: Δ +0.022 p_corr 0.551 (unc 0.1161)
B_multiclass V7_RF vs C0_baseline_LR: Δ +0.035 p_corr 0.260 (unc 0.0048)
B_multiclass V8_ensemble_C0_V1 vs C0_baseline_LR: Δ -0.000 p_corr 0.996 (unc 0.9900)
